******************************************************************************
                  TI ARM Linker PC v18.12.4                    
******************************************************************************
>> Linked Mon Sep 28 18:46:11 2020

OUTPUT FILE NAME:   <Homework5.out>
ENTRY POINT SYMBOL: "_c_int00_noargs"  address: 00002eb5


MEMORY CONFIGURATION

         name            origin    length      used     unused   attr    fill
----------------------  --------  ---------  --------  --------  ----  --------
  FLASH                 00000000   00040000  0000339e  0003cc62  R  X
  SRAM                  20000000   00008000  0000077e  00007882  RW X


SEGMENT ALLOCATION MAP

run origin  load origin   length   init length attrs members
----------  ----------- ---------- ----------- ----- -------
00000000    00000000    000033a0   000033a0    r-x
  00000000    00000000    0000026c   0000026c    r-- .intvecs
  0000026c    0000026c    00002ef2   00002ef2    r-x .text
  00003160    00003160    00000200   00000200    r-- .const
  00003360    00003360    00000040   00000040    r-- .cinit
20000000    20000000    00000782   00000000    rw-
  20000000    20000000    0000026c   00000000    rw- .vtable
  20000270    20000270    00000400   00000000    rw- .stack
  20000670    20000670    00000104   00000000    rw- .bss
  20000774    20000774    0000000e   00000000    rw- .data


SECTION ALLOCATION MAP

 output                                  attributes/
section   page    origin      length       input sections
--------  ----  ----------  ----------   ----------------
.intvecs   0    00000000    0000026c     
                  00000000    0000026c     tm4c123gh6pm_startup_ccs.obj (.intvecs)

.text      0    0000026c    00002ef2     
                  0000026c    00000a4e     rtsv7M4_T_le_v4SPD16_eabi.lib : _printfi.c.obj (.text:__TI_printfi)
                  00000cba    00000002                                   : div0.asm.obj (.text)
                  00000cbc    0000046c     homework5_main.obj (.text)
                  00001128    000003d0     Util.lib : launchpad.obj (.text)
                  000014f8    00000270     rtsv7M4_T_le_v4SPD16_eabi.lib : _printfi.c.obj (.text:_pconv_a)
                  00001768    000001d0                                   : _printfi.c.obj (.text:_pconv_g)
                  00001938    000001b6                                   : fd_add_t2.asm.obj (.text)
                  00001aee    00000002     --HOLE-- [fill = 0]
                  00001af0    0000016c     driverlib.lib : gpio.obj (.text:GPIOPadConfigSet)
                  00001c5c    0000013c     rtsv7M4_T_le_v4SPD16_eabi.lib : _printfi.c.obj (.text:_pconv_e)
                  00001d98    00000136                                   : fd_div_t2.asm.obj (.text)
                  00001ece    00000002     --HOLE-- [fill = 0]
                  00001ed0    00000124                                   : _printfi.c.obj (.text:fcvt)
                  00001ff4    00000118     driverlib.lib : sysctl.obj (.text:SysCtlClockGet)
                  0000210c    00000110     rtsv7M4_T_le_v4SPD16_eabi.lib : s_scalbn.c.obj (.text:scalbn)
                  0000221c    000000fc                                   : fd_mul_t2.asm.obj (.text)
                  00002318    000000f4     driverlib.lib : sysctl.obj (.text:SysCtlClockSet)
                  0000240c    000000c4     Util.lib : uart.obj (.text)
                  000024d0    000000c4     homework5_cfunc.obj (.text)
                  00002594    000000b1     rtsv7M4_T_le_v4SPD16_eabi.lib : _printfi.c.obj (.text:_ltostr)
                  00002645    00000003     --HOLE-- [fill = 0]
                  00002648    0000009c     Util.lib : led.obj (.text)
                  000026e4    0000009c     rtsv7M4_T_le_v4SPD16_eabi.lib : memcpy_t2.asm.obj (.text)
                  00002780    00000096                                   : ull_div_t2.asm.obj (.text)
                  00002816    00000002     --HOLE-- [fill = 0]
                  00002818    0000008c     Util.lib : pushbutton.obj (.text)
                  000028a4    00000086     rtsv7M4_T_le_v4SPD16_eabi.lib : fd_cmp_t2.asm.obj (.text:__aeabi_cdcmple)
                  0000292a    00000086                                   : fd_cmp_t2.asm.obj (.text:__aeabi_cdrcmple)
                  000029b0    0000007a                                   : memset_t2.asm.obj (.text)
                  00002a2a    0000006e                                   : _printfi.c.obj (.text:_mcpy)
                  00002a98    00000068                                   : copy_decompress_lzss.c.obj (.text:decompress:lzss:__TI_decompress_lzss)
                  00002b00    00000064                                   : s_frexp.c.obj (.text:frexp)
                  00002b64    00000056                                   : _printfi.c.obj (.text:_pconv_f)
                  00002bba    00000054                                   : ltoa.c.obj (.text:ltoa)
                  00002c0e    00000052                                   : _printfi.c.obj (.text:_ecpy)
                  00002c60    0000004c     driverlib.lib : gpio.obj (.text:GPIOPinConfigure)
                  00002cac    0000004c     rtsv7M4_T_le_v4SPD16_eabi.lib : atoi.c.obj (.text:atoi)
                  00002cf8    00000048                                   : fd_toi_t2.asm.obj (.text)
                  00002d40    00000046     driverlib.lib : uart.obj (.text:UARTConfigSetExpClk)
                  00002d86    00000002     --HOLE-- [fill = 0]
                  00002d88    00000044     rtsv7M4_T_le_v4SPD16_eabi.lib : autoinit.c.obj (.text:__TI_auto_init_nobinit_nopinit:__TI_auto_init_nobinit_nopinit)
                  00002dcc    00000040                                   : vsnprintf.c.obj (.text:vsnprintf)
                  00002e0c    0000003e                                   : _printfi.c.obj (.text:_fcpy)
                  00002e4a    00000002     --HOLE-- [fill = 0]
                  00002e4c    00000034     driverlib.lib : interrupt.obj (.text:IntRegister)
                  00002e80    00000034                   : sysctl.obj (.text:SysCtlPeripheralEnable)
                  00002eb4    00000034     rtsv7M4_T_le_v4SPD16_eabi.lib : boot_cortex_m.c.obj (.text:_c_int00_noargs:_c_int00_noargs)
                  00002ee8    00000030                                   : vsnprintf.c.obj (.text:_outs)
                  00002f18    0000002e                                   : i_tofd_t2.asm.obj (.text)
                  00002f46    0000002c     driverlib.lib : gpio.obj (.text:GPIODirModeSet)
                  00002f72    00000022     homework5_asm.obj (.text)
                  00002f94    00000020     driverlib.lib : uart.obj (.text:UARTDisable)
                  00002fb4    0000001c                   : systick.obj (.text:SysTickIntRegister)
                  00002fd0    0000001c     rtsv7M4_T_le_v4SPD16_eabi.lib : copy_zero_init.c.obj (.text:decompress:ZI:__TI_zero_init_nomemset:__TI_zero_init_nomemset)
                  00002fec    0000001c                                   : memccpy.c.obj (.text:memccpy)
                  00003008    0000001a     driverlib.lib : gpio.obj (.text:GPIOPinTypeGPIOOutput)
                  00003022    0000001a     rtsv7M4_T_le_v4SPD16_eabi.lib : s_copysign.c.obj (.text:copysign)
                  0000303c    00000018                                   : vsnprintf.c.obj (.text:_outc)
                  00003054    00000016     driverlib.lib : gpio.obj (.text:GPIOPinTypeGPIOInput)
                  0000306a    00000016                   : gpio.obj (.text:GPIOPinTypeUART)
                  00003080    00000016     rtsv7M4_T_le_v4SPD16_eabi.lib : strchr.c.obj (.text:strchr)
                  00003096    00000002     --HOLE-- [fill = 0]
                  00003098    00000014     driverlib.lib : systick.obj (.text:SysTickEnable)
                  000030ac    00000014                   : systick.obj (.text:SysTickIntEnable)
                  000030c0    00000014                   : uart.obj (.text:UARTEnable)
                  000030d4    00000014     rtsv7M4_T_le_v4SPD16_eabi.lib : strlen.c.obj (.text:strlen)
                  000030e8    00000012                                   : wcslen.c.obj (.text:wcslen)
                  000030fa    00000002     --HOLE-- [fill = 0]
                  000030fc    00000010     driverlib.lib : systick.obj (.text:SysTickPeriodSet)
                  0000310c    0000000e     rtsv7M4_T_le_v4SPD16_eabi.lib : copy_decompress_none.c.obj (.text:decompress:none:__TI_decompress_none)
                  0000311a    0000000c     tm4c123gh6pm_startup_ccs.obj (.text)
                  00003126    0000000a     driverlib.lib : uart.obj (.text:UARTCharGet)
                  00003130    0000000a                   : uart.obj (.text:UARTCharPut)
                  0000313a    00000002     --HOLE-- [fill = 0]
                  0000313c    00000008     rtsv7M4_T_le_v4SPD16_eabi.lib : errno.c.obj (.text:__aeabi_errno_addr)
                  00003144    00000006     driverlib.lib : gpio.obj (.text:GPIOPinRead)
                  0000314a    00000006                   : gpio.obj (.text:GPIOPinWrite)
                  00003150    00000006                   : sysctl.obj (.text:SysCtlDelay)
                  00003156    00000004     rtsv7M4_T_le_v4SPD16_eabi.lib : pre_init.c.obj (.text:_system_pre_init)
                  0000315a    00000004                                   : exit.c.obj (.text:abort:abort)

.const     0    00003160    00000200     
                  00003160    00000101     rtsv7M4_T_le_v4SPD16_eabi.lib : ctype.c.obj (.const:.string:_ctypes_)
                  00003261    00000003     --HOLE-- [fill = 0]
                  00003264    00000090     driverlib.lib : gpio.obj (.const:g_pui32GPIOBaseAddrs)
                  000032f4    0000006c                   : sysctl.obj (.const:g_pui32Xtals)

.cinit     0    00003360    00000040     
                  00003360    0000000c     (__TI_handler_table)
                  0000336c    00000004     --HOLE-- [fill = 0]
                  00003370    00000008     (.cinit..bss.load) [load image, compression = zero_init]
                  00003378    00000008     (.cinit..vtable.load) [load image, compression = zero_init]
                  00003380    00000007     (.cinit..data.load) [load image, compression = lzss]
                  00003387    00000001     --HOLE-- [fill = 0]
                  00003388    00000018     (__TI_cinit_table)

.init_array 
*          0    00000000    00000000     UNINITIALIZED

.vtable    0    20000000    0000026c     UNINITIALIZED
                  20000000    0000026c     driverlib.lib : interrupt.obj (.vtable)

.bss       0    20000670    00000104     UNINITIALIZED
                  20000670    00000100     Util.lib : launchpad.obj (.bss:callbackHeap)
                  20000770    00000004              : launchpad.obj (.bss)

.data      0    20000774    0000000e     UNINITIALIZED
                  20000774    00000008     Util.lib : launchpad.obj (.data)
                  2000077c    00000004     rtsv7M4_T_le_v4SPD16_eabi.lib : errno.c.obj (.data)
                  20000780    00000001     Util.lib : led.obj (.data)
                  20000781    00000001              : pushbutton.obj (.data)

.stack     0    20000270    00000400     UNINITIALIZED
                  20000270    00000004     rtsv7M4_T_le_v4SPD16_eabi.lib : boot_cortex_m.c.obj (.stack)
                  20000274    000003fc     --HOLE--

MODULE SUMMARY

       Module                         code    ro data   rw data
       ------                         ----    -------   -------
    .\
       homework5_main.obj             1132    0         0      
       tm4c123gh6pm_startup_ccs.obj   12      620       0      
       homework5_cfunc.obj            196     0         0      
       homework5_asm.obj              34      0         0      
    +--+------------------------------+-------+---------+---------+
       Total:                         1374    620       0      
                                                               
    C:/Users/Grace Hua/Documents/GitHub/LabGroupB6/Util/Util/Debug/Util.lib
       launchpad.obj                  976     0         268    
       uart.obj                       196     0         0      
       led.obj                        156     0         1      
       pushbutton.obj                 140     0         1      
    +--+------------------------------+-------+---------+---------+
       Total:                         1468    0         270    
                                                               
    C:/ti/TivaWare_C_Series-2.2.0.295/driverlib/ccs/Debug/driverlib.lib
       gpio.obj                       566     144       0      
       sysctl.obj                     582     108       0      
       interrupt.obj                  52      0         620    
       uart.obj                       142     0         0      
       systick.obj                    84      0         0      
    +--+------------------------------+-------+---------+---------+
       Total:                         1426    252       620    
                                                               
    C:\ti\ccs930\ccs\tools\compiler\ti-cgt-arm_18.12.4.LTS\lib\rtsv7M4_T_le_v4SPD16_eabi.lib
       _printfi.c.obj                 4851    0         0      
       fd_add_t2.asm.obj              438     0         0      
       fd_div_t2.asm.obj              310     0         0      
       s_scalbn.c.obj                 272     0         0      
       fd_cmp_t2.asm.obj              268     0         0      
       ctype.c.obj                    0       257       0      
       fd_mul_t2.asm.obj              252     0         0      
       memcpy_t2.asm.obj              156     0         0      
       ull_div_t2.asm.obj             150     0         0      
       vsnprintf.c.obj                136     0         0      
       memset_t2.asm.obj              122     0         0      
       copy_decompress_lzss.c.obj     104     0         0      
       s_frexp.c.obj                  100     0         0      
       ltoa.c.obj                     84      0         0      
       atoi.c.obj                     76      0         0      
       fd_toi_t2.asm.obj              72      0         0      
       autoinit.c.obj                 68      0         0      
       boot_cortex_m.c.obj            52      0         0      
       i_tofd_t2.asm.obj              46      0         0      
       copy_zero_init.c.obj           28      0         0      
       memccpy.c.obj                  28      0         0      
       s_copysign.c.obj               26      0         0      
       strchr.c.obj                   22      0         0      
       strlen.c.obj                   20      0         0      
       wcslen.c.obj                   18      0         0      
       copy_decompress_none.c.obj     14      0         0      
       errno.c.obj                    8       0         4      
       exit.c.obj                     4       0         0      
       pre_init.c.obj                 4       0         0      
       div0.asm.obj                   2       0         0      
    +--+------------------------------+-------+---------+---------+
       Total:                         7731    257       4      
                                                               
       Stack:                         0       0         1024   
       Linker Generated:              0       59        0      
    +--+------------------------------+-------+---------+---------+
       Grand Total:                   11999   1188      1918   


LINKER GENERATED COPY TABLES

__TI_cinit_table @ 00003388 records: 3, size/record: 8, table size: 24
	.bss: load addr=00003370, load size=00000008 bytes, run addr=20000670, run size=00000104 bytes, compression=zero_init
	.vtable: load addr=00003378, load size=00000008 bytes, run addr=20000000, run size=0000026c bytes, compression=zero_init
	.data: load addr=00003380, load size=00000007 bytes, run addr=20000774, run size=0000000e bytes, compression=lzss


LINKER GENERATED HANDLER TABLE

__TI_handler_table @ 00003360 records: 3, size/record: 4, table size: 12
	index: 0, handler: __TI_zero_init
	index: 1, handler: __TI_decompress_lzss
	index: 2, handler: __TI_decompress_none


GLOBAL SYMBOLS: SORTED ALPHABETICALLY BY Name 

address   name                          
-------   ----                          
0000315b  C$$EXIT                       
00002f47  GPIODirModeSet                
00001af1  GPIOPadConfigSet              
00002c61  GPIOPinConfigure              
00003145  GPIOPinRead                   
00003055  GPIOPinTypeGPIOInput          
00003009  GPIOPinTypeGPIOOutput         
0000306b  GPIOPinTypeUART               
0000314b  GPIOPinWrite                  
00002e4d  IntRegister                   
0000311b  ResetISR                      
00001ff5  SysCtlClockGet                
00002319  SysCtlClockSet                
00003151  SysCtlDelay                   
00002e81  SysCtlPeripheralEnable        
00003099  SysTickEnable                 
000030ad  SysTickIntEnable              
00002fb5  SysTickIntRegister            
000030fd  SysTickPeriodSet              
00003127  UARTCharGet                   
00003131  UARTCharPut                   
00002d41  UARTConfigSetExpClk           
00002f95  UARTDisable                   
000030c1  UARTEnable                    
20000670  __STACK_END                   
00000400  __STACK_SIZE                  
20000470  __STACK_TOP                   
00003388  __TI_CINIT_Base               
000033a0  __TI_CINIT_Limit              
00003360  __TI_Handler_Table_Base       
0000336c  __TI_Handler_Table_Limit      
00002d89  __TI_auto_init_nobinit_nopinit
00002a99  __TI_decompress_lzss          
0000310d  __TI_decompress_none          
ffffffff  __TI_pprof_out_hndl           
0000026d  __TI_printfi                  
ffffffff  __TI_prof_data_size           
ffffffff  __TI_prof_data_start          
00000000  __TI_static_base__            
00002fd1  __TI_zero_init_nomemset       
000028a5  __aeabi_cdcmpeq               
000028a5  __aeabi_cdcmple               
0000292b  __aeabi_cdrcmple              
00002cf9  __aeabi_d2iz                  
00001943  __aeabi_dadd                  
00001d99  __aeabi_ddiv                  
0000221d  __aeabi_dmul                  
00001939  __aeabi_dsub                  
0000313d  __aeabi_errno_addr            
00002f19  __aeabi_i2d                   
00000cbb  __aeabi_idiv0                 
00000cbb  __aeabi_ldiv0                 
000029b1  __aeabi_memclr                
000029b1  __aeabi_memclr4               
000029b1  __aeabi_memclr8               
000026e5  __aeabi_memcpy                
000026e5  __aeabi_memcpy4               
000026e5  __aeabi_memcpy8               
000029b3  __aeabi_memset                
000029b3  __aeabi_memset4               
000029b3  __aeabi_memset8               
00002781  __aeabi_uldivmod              
ffffffff  __binit__                     
ffffffff  __c_args__                    
UNDEFED   __mpu_init                    
20000270  __stack                       
00002eb5  _c_int00_noargs               
00003160  _ctypes_                      
UNDEFED   _system_post_cinit            
00003157  _system_pre_init              
0000315b  abort                         
00002cad  atoi                          
ffffffff  binit                         
00002581  c_multiply17                  
00002515  c_rev16ForByte                
00002571  c_rotateRight8                
00002555  c_signExt8to32                
000024d1  c_ssat10Bits                  
000024f9  c_usat10Bits                  
00003023  copysign                      
00003023  copysignl                     
2000077c  errno                         
00002b01  frexp                         
00002b01  frexpl                        
20000000  g_pfnRAMVectors               
00000000  g_pfnVectors                  
0000210d  ldexp                         
0000210d  ldexpl                        
0000266b  ledInit                       
00002649  ledInitForced                 
0000267f  ledTurnOnOff                  
00001433  lpInit                        
00002bbb  ltoa                          
00000eb3  main                          
00002fed  memccpy                       
000026e5  memcpy                        
000029b9  memset                        
00002f8d  multiply17                    
0000284d  pbInit                        
00002819  pbInitForced                  
00002861  pbRead                        
00002f7f  rev16ForByte                  
00002f87  rotateRight8                  
0000210d  scalbn                        
0000210d  scalbnl                       
00001257  schdCallback                  
000012d1  schdExecute                   
00002f83  signExt8to32                  
00002f73  ssat10Bits                    
00003081  strchr                        
000030d5  strlen                        
000011bb  sysTimeGet                    
000011c1  sysTimeReached                
000011e7  sysTimeWait                   
0000120b  sysTimeWaitAbsolute           
00000e81  testMultiply17                
00000df9  testRev16ForByte              
00000e4d  testRotateRight8              
00000e23  testSignExt8to32              
00000cbd  testSsat10Bits                
00000d77  testUsat10Bits                
00002459  uartGetChar                   
0000240d  uartInit                      
00002447  uartPutChar                   
0000246b  uartPutString                 
00002497  uprintf                       
00002f79  usat10Bits                    
00002dcd  vsnprintf                     
000013d5  waitMs                        
00001405  waitUs                        
000030e9  wcslen                        


GLOBAL SYMBOLS: SORTED BY Symbol Address 

address   name                          
-------   ----                          
00000000  __TI_static_base__            
00000000  g_pfnVectors                  
0000026d  __TI_printfi                  
00000400  __STACK_SIZE                  
00000cbb  __aeabi_idiv0                 
00000cbb  __aeabi_ldiv0                 
00000cbd  testSsat10Bits                
00000d77  testUsat10Bits                
00000df9  testRev16ForByte              
00000e23  testSignExt8to32              
00000e4d  testRotateRight8              
00000e81  testMultiply17                
00000eb3  main                          
000011bb  sysTimeGet                    
000011c1  sysTimeReached                
000011e7  sysTimeWait                   
0000120b  sysTimeWaitAbsolute           
00001257  schdCallback                  
000012d1  schdExecute                   
000013d5  waitMs                        
00001405  waitUs                        
00001433  lpInit                        
00001939  __aeabi_dsub                  
00001943  __aeabi_dadd                  
00001af1  GPIOPadConfigSet              
00001d99  __aeabi_ddiv                  
00001ff5  SysCtlClockGet                
0000210d  ldexp                         
0000210d  ldexpl                        
0000210d  scalbn                        
0000210d  scalbnl                       
0000221d  __aeabi_dmul                  
00002319  SysCtlClockSet                
0000240d  uartInit                      
00002447  uartPutChar                   
00002459  uartGetChar                   
0000246b  uartPutString                 
00002497  uprintf                       
000024d1  c_ssat10Bits                  
000024f9  c_usat10Bits                  
00002515  c_rev16ForByte                
00002555  c_signExt8to32                
00002571  c_rotateRight8                
00002581  c_multiply17                  
00002649  ledInitForced                 
0000266b  ledInit                       
0000267f  ledTurnOnOff                  
000026e5  __aeabi_memcpy                
000026e5  __aeabi_memcpy4               
000026e5  __aeabi_memcpy8               
000026e5  memcpy                        
00002781  __aeabi_uldivmod              
00002819  pbInitForced                  
0000284d  pbInit                        
00002861  pbRead                        
000028a5  __aeabi_cdcmpeq               
000028a5  __aeabi_cdcmple               
0000292b  __aeabi_cdrcmple              
000029b1  __aeabi_memclr                
000029b1  __aeabi_memclr4               
000029b1  __aeabi_memclr8               
000029b3  __aeabi_memset                
000029b3  __aeabi_memset4               
000029b3  __aeabi_memset8               
000029b9  memset                        
00002a99  __TI_decompress_lzss          
00002b01  frexp                         
00002b01  frexpl                        
00002bbb  ltoa                          
00002c61  GPIOPinConfigure              
00002cad  atoi                          
00002cf9  __aeabi_d2iz                  
00002d41  UARTConfigSetExpClk           
00002d89  __TI_auto_init_nobinit_nopinit
00002dcd  vsnprintf                     
00002e4d  IntRegister                   
00002e81  SysCtlPeripheralEnable        
00002eb5  _c_int00_noargs               
00002f19  __aeabi_i2d                   
00002f47  GPIODirModeSet                
00002f73  ssat10Bits                    
00002f79  usat10Bits                    
00002f7f  rev16ForByte                  
00002f83  signExt8to32                  
00002f87  rotateRight8                  
00002f8d  multiply17                    
00002f95  UARTDisable                   
00002fb5  SysTickIntRegister            
00002fd1  __TI_zero_init_nomemset       
00002fed  memccpy                       
00003009  GPIOPinTypeGPIOOutput         
00003023  copysign                      
00003023  copysignl                     
00003055  GPIOPinTypeGPIOInput          
0000306b  GPIOPinTypeUART               
00003081  strchr                        
00003099  SysTickEnable                 
000030ad  SysTickIntEnable              
000030c1  UARTEnable                    
000030d5  strlen                        
000030e9  wcslen                        
000030fd  SysTickPeriodSet              
0000310d  __TI_decompress_none          
0000311b  ResetISR                      
00003127  UARTCharGet                   
00003131  UARTCharPut                   
0000313d  __aeabi_errno_addr            
00003145  GPIOPinRead                   
0000314b  GPIOPinWrite                  
00003151  SysCtlDelay                   
00003157  _system_pre_init              
0000315b  C$$EXIT                       
0000315b  abort                         
00003160  _ctypes_                      
00003360  __TI_Handler_Table_Base       
0000336c  __TI_Handler_Table_Limit      
00003388  __TI_CINIT_Base               
000033a0  __TI_CINIT_Limit              
20000000  g_pfnRAMVectors               
20000270  __stack                       
20000470  __STACK_TOP                   
20000670  __STACK_END                   
2000077c  errno                         
ffffffff  __TI_pprof_out_hndl           
ffffffff  __TI_prof_data_size           
ffffffff  __TI_prof_data_start          
ffffffff  __binit__                     
ffffffff  __c_args__                    
ffffffff  binit                         
UNDEFED   __mpu_init                    
UNDEFED   _system_post_cinit            

[131 symbols]
